core_cm4.h:1657:22:__NVIC_SetPriorityGrouping	24	static
main.c:85:5:__io_putchar	16	static
main.c:105:15:http_temperature_path_handler	88	static
main.c:155:15:http_humidity_path_handler	88	static
main.c:204:6:http_led_toggle_handler	24	static
main.c:216:6:http_led_on_handler	24	static
main.c:228:6:http_led_off_handler	24	static
main.c:246:5:main	96	static
main.c:367:6:SystemClock_Config	88	static
main.c:411:13:MX_USART3_UART_Init	8	static
main.c:444:13:MX_GPIO_Init	56	static
main.c:594:6:HAL_GPIO_EXTI_Callback	16	static
main.c:620:6:StartDefaultTask	72	static
main.c:660:6:HAL_TIM_PeriodElapsedCallback	16	static
main.c:677:6:Error_Handler	4	static,ignoring_inline_asm
