stm32f4xx_it.c:77:6:NMI_Handler	4	static
stm32f4xx_it.c:92:6:HardFault_Handler	4	static
stm32f4xx_it.c:107:6:MemManage_Handler	4	static
stm32f4xx_it.c:122:6:BusFault_Handler	4	static
stm32f4xx_it.c:137:6:UsageFault_Handler	4	static
stm32f4xx_it.c:152:6:SVC_Handler	4	static
stm32f4xx_it.c:165:6:DebugMon_Handler	4	static
stm32f4xx_it.c:178:6:PendSV_Handler	4	static
stm32f4xx_it.c:191:6:SysTick_Handler	8	static
stm32f4xx_it.c:212:6:EXTI9_5_IRQHandler	8	static
stm32f4xx_it.c:236:6:TIM1_UP_TIM10_IRQHandler	16	static
stm32f4xx_it.c:254:6:USART3_IRQHandler	8	static
stm32f4xx_it.c:268:6:EXTI15_10_IRQHandler	8	static
stm32f4xx_it.c:282:6:HAL_UART_RxCpltCallback	16	static
stm32f4xx_it.c:288:6:worker	24	static
