Archive member included to satisfy reference by file (symbol)

e:/stm32cubeide_1.6.1/stm32cubeide/plugins/com.st.stm32cube.ide.mcu.externaltools.gnu-tools-for-stm32.9-2020-q2-update.win32_2.0.0.202105311346/tools/bin/../lib/gcc/arm-none-eabi/9.3.1/../../../../arm-none-eabi/lib/thumb/v7e-m+fp/hard\libc_nano.a(lib_a-errno.o)
                              ./Core/Src/syscalls.o (__errno)
e:/stm32cubeide_1.6.1/stm32cubeide/plugins/com.st.stm32cube.ide.mcu.externaltools.gnu-tools-for-stm32.9-2020-q2-update.win32_2.0.0.202105311346/tools/bin/../lib/gcc/arm-none-eabi/9.3.1/../../../../arm-none-eabi/lib/thumb/v7e-m+fp/hard\libc_nano.a(lib_a-exit.o)
                              e:/stm32cubeide_1.6.1/stm32cubeide/plugins/com.st.stm32cube.ide.mcu.externaltools.gnu-tools-for-stm32.9-2020-q2-update.win32_2.0.0.202105311346/tools/bin/../lib/gcc/arm-none-eabi/9.3.1/../../../../arm-none-eabi/lib/thumb/v7e-m+fp/hard/crt0.o (exit)
e:/stm32cubeide_1.6.1/stm32cubeide/plugins/com.st.stm32cube.ide.mcu.externaltools.gnu-tools-for-stm32.9-2020-q2-update.win32_2.0.0.202105311346/tools/bin/../lib/gcc/arm-none-eabi/9.3.1/../../../../arm-none-eabi/lib/thumb/v7e-m+fp/hard\libc_nano.a(lib_a-impure.o)
                              e:/stm32cubeide_1.6.1/stm32cubeide/plugins/com.st.stm32cube.ide.mcu.externaltools.gnu-tools-for-stm32.9-2020-q2-update.win32_2.0.0.202105311346/tools/bin/../lib/gcc/arm-none-eabi/9.3.1/../../../../arm-none-eabi/lib/thumb/v7e-m+fp/hard\libc_nano.a(lib_a-exit.o) (_global_impure_ptr)
e:/stm32cubeide_1.6.1/stm32cubeide/plugins/com.st.stm32cube.ide.mcu.externaltools.gnu-tools-for-stm32.9-2020-q2-update.win32_2.0.0.202105311346/tools/bin/../lib/gcc/arm-none-eabi/9.3.1/../../../../arm-none-eabi/lib/thumb/v7e-m+fp/hard\libc_nano.a(lib_a-init.o)
                              e:/stm32cubeide_1.6.1/stm32cubeide/plugins/com.st.stm32cube.ide.mcu.externaltools.gnu-tools-for-stm32.9-2020-q2-update.win32_2.0.0.202105311346/tools/bin/../lib/gcc/arm-none-eabi/9.3.1/../../../../arm-none-eabi/lib/thumb/v7e-m+fp/hard/crt0.o (__libc_init_array)
e:/stm32cubeide_1.6.1/stm32cubeide/plugins/com.st.stm32cube.ide.mcu.externaltools.gnu-tools-for-stm32.9-2020-q2-update.win32_2.0.0.202105311346/tools/bin/../lib/gcc/arm-none-eabi/9.3.1/../../../../arm-none-eabi/lib/thumb/v7e-m+fp/hard\libc_nano.a(lib_a-memset.o)
                              e:/stm32cubeide_1.6.1/stm32cubeide/plugins/com.st.stm32cube.ide.mcu.externaltools.gnu-tools-for-stm32.9-2020-q2-update.win32_2.0.0.202105311346/tools/bin/../lib/gcc/arm-none-eabi/9.3.1/../../../../arm-none-eabi/lib/thumb/v7e-m+fp/hard/crt0.o (memset)
e:/stm32cubeide_1.6.1/stm32cubeide/plugins/com.st.stm32cube.ide.mcu.externaltools.gnu-tools-for-stm32.9-2020-q2-update.win32_2.0.0.202105311346/tools/bin/../lib/gcc/arm-none-eabi/9.3.1/thumb/v7e-m+fp/hard\libgcc.a(_aeabi_uldivmod.o)
                              ./Drivers/STM32F4xx_HAL_Driver/Src/stm32f4xx_hal_rcc.o (__aeabi_uldivmod)
e:/stm32cubeide_1.6.1/stm32cubeide/plugins/com.st.stm32cube.ide.mcu.externaltools.gnu-tools-for-stm32.9-2020-q2-update.win32_2.0.0.202105311346/tools/bin/../lib/gcc/arm-none-eabi/9.3.1/thumb/v7e-m+fp/hard\libgcc.a(_udivmoddi4.o)
                              e:/stm32cubeide_1.6.1/stm32cubeide/plugins/com.st.stm32cube.ide.mcu.externaltools.gnu-tools-for-stm32.9-2020-q2-update.win32_2.0.0.202105311346/tools/bin/../lib/gcc/arm-none-eabi/9.3.1/thumb/v7e-m+fp/hard\libgcc.a(_aeabi_uldivmod.o) (__udivmoddi4)
e:/stm32cubeide_1.6.1/stm32cubeide/plugins/com.st.stm32cube.ide.mcu.externaltools.gnu-tools-for-stm32.9-2020-q2-update.win32_2.0.0.202105311346/tools/bin/../lib/gcc/arm-none-eabi/9.3.1/thumb/v7e-m+fp/hard\libgcc.a(_dvmd_tls.o)
                              e:/stm32cubeide_1.6.1/stm32cubeide/plugins/com.st.stm32cube.ide.mcu.externaltools.gnu-tools-for-stm32.9-2020-q2-update.win32_2.0.0.202105311346/tools/bin/../lib/gcc/arm-none-eabi/9.3.1/thumb/v7e-m+fp/hard\libgcc.a(_aeabi_uldivmod.o) (__aeabi_ldiv0)

Allocating common symbols
Common symbol       size              file

huart3              0x44              ./Core/Src/usart.o
uwTick              0x4               ./Drivers/STM32F4xx_HAL_Driver/Src/stm32f4xx_hal.o
pFlash              0x20              ./Drivers/STM32F4xx_HAL_Driver/Src/stm32f4xx_hal_flash.o
hspi1               0x58              ./Core/Src/spi.o

Discarded input sections

 .text          0x0000000000000000        0x0 e:/stm32cubeide_1.6.1/stm32cubeide/plugins/com.st.stm32cube.ide.mcu.externaltools.gnu-tools-for-stm32.9-2020-q2-update.win32_2.0.0.202105311346/tools/bin/../lib/gcc/arm-none-eabi/9.3.1/thumb/v7e-m+fp/hard/crti.o
 .data          0x0000000000000000        0x0 e:/stm32cubeide_1.6.1/stm32cubeide/plugins/com.st.stm32cube.ide.mcu.externaltools.gnu-tools-for-stm32.9-2020-q2-update.win32_2.0.0.202105311346/tools/bin/../lib/gcc/arm-none-eabi/9.3.1/thumb/v7e-m+fp/hard/crti.o
[...]
Memory Configuration

Name             Origin             Length             Attributes
CCMRAM           0x0000000010000000 0x0000000000010000 xrw
RAM              0x0000000020000000 0x0000000000020000 xrw
FLASH            0x0000000008000000 0x0000000000100000 xr
*default*        0x0000000000000000 0xffffffffffffffff

Linker script and memory map

LOAD e:/stm32cubeide_1.6.1/stm32cubeide/plugins/com.st.stm32cube.ide.mcu.externaltools.gnu-tools-for-stm32.9-2020-q2-update.win32_2.0.0.202105311346/tools/bin/../lib/gcc/arm-none-eabi/9.3.1/thumb/v7e-m+fp/hard/crti.o
LOAD e:/stm32cubeide_1.6.1/stm32cubeide/plugins/com.st.stm32cube.ide.mcu.externaltools.gnu-tools-for-stm32.9-2020-q2-update.win32_2.0.0.202105311346/tools/bin/../lib/gcc/arm-none-eabi/9.3.1/thumb/v7e-m+fp/hard/crtbegin.o
LOAD e:/stm32cubeide_1.6.1/stm32cubeide/plugins/com.st.stm32cube.ide.mcu.externaltools.gnu-tools-for-stm32.9-2020-q2-update.win32_2.0.0.202105311346/tools/bin/../lib/gcc/arm-none-eabi/9.3.1/../../../../arm-none-eabi/lib/thumb/v7e-m+fp/hard/crt0.o
LOAD ./Core/Src/gpio.o
LOAD ./Core/Src/main.o
LOAD ./Core/Src/spi.o
LOAD ./Core/Src/spi_driver.o
LOAD ./Core/Src/stm32f4xx_hal_msp.o
LOAD ./Core/Src/stm32f4xx_it.o
LOAD ./Core/Src/syscalls.o
LOAD ./Core/Src/sysmem.o
LOAD ./Core/Src/system_stm32f4xx.o
LOAD ./Core/Src/usart.o
LOAD ./Core/Startup/startup_stm32f407vgtx.o
LOAD ./Drivers/STM32F4xx_HAL_Driver/Src/stm32f4xx_hal.o
LOAD ./Drivers/STM32F4xx_HAL_Driver/Src/stm32f4xx_hal_cortex.o
LOAD ./Drivers/STM32F4xx_HAL_Driver/Src/stm32f4xx_hal_dma.o
LOAD ./Drivers/STM32F4xx_HAL_Driver/Src/stm32f4xx_hal_dma_ex.o
LOAD ./Drivers/STM32F4xx_HAL_Driver/Src/stm32f4xx_hal_exti.o
LOAD ./Drivers/STM32F4xx_HAL_Driver/Src/stm32f4xx_hal_flash.o
LOAD ./Drivers/STM32F4xx_HAL_Driver/Src/stm32f4xx_hal_flash_ex.o
LOAD ./Drivers/STM32F4xx_HAL_Driver/Src/stm32f4xx_hal_flash_ramfunc.o
LOAD ./Drivers/STM32F4xx_HAL_Driver/Src/stm32f4xx_hal_gpio.o
LOAD ./Drivers/STM32F4xx_HAL_Driver/Src/stm32f4xx_hal_pwr.o
LOAD ./Drivers/STM32F4xx_HAL_Driver/Src/stm32f4xx_hal_pwr_ex.o
LOAD ./Drivers/STM32F4xx_HAL_Driver/Src/stm32f4xx_hal_rcc.o
LOAD ./Drivers/STM32F4xx_HAL_Driver/Src/stm32f4xx_hal_rcc_ex.o
LOAD ./Drivers/STM32F4xx_HAL_Driver/Src/stm32f4xx_hal_spi.o
LOAD ./Drivers/STM32F4xx_HAL_Driver/Src/stm32f4xx_hal_tim.o
LOAD ./Drivers/STM32F4xx_HAL_Driver/Src/stm32f4xx_hal_tim_ex.o
LOAD ./Drivers/STM32F4xx_HAL_Driver/Src/stm32f4xx_hal_uart.o
START GROUP
LOAD e:/stm32cubeide_1.6.1/stm32cubeide/plugins/com.st.stm32cube.ide.mcu.externaltools.gnu-tools-for-stm32.9-2020-q2-update.win32_2.0.0.202105311346/tools/bin/../lib/gcc/arm-none-eabi/9.3.1/../../../../arm-none-eabi/lib/thumb/v7e-m+fp/hard\libc_nano.a
LOAD e:/stm32cubeide_1.6.1/stm32cubeide/plugins/com.st.stm32cube.ide.mcu.externaltools.gnu-tools-for-stm32.9-2020-q2-update.win32_2.0.0.202105311346/tools/bin/../lib/gcc/arm-none-eabi/9.3.1/../../../../arm-none-eabi/lib/thumb/v7e-m+fp/hard\libm.a
END GROUP
START GROUP
LOAD e:/stm32cubeide_1.6.1/stm32cubeide/plugins/com.st.stm32cube.ide.mcu.externaltools.gnu-tools-for-stm32.9-2020-q2-update.win32_2.0.0.202105311346/tools/bin/../lib/gcc/arm-none-eabi/9.3.1/thumb/v7e-m+fp/hard\libgcc.a
LOAD e:/stm32cubeide_1.6.1/stm32cubeide/plugins/com.st.stm32cube.ide.mcu.externaltools.gnu-tools-for-stm32.9-2020-q2-update.win32_2.0.0.202105311346/tools/bin/../lib/gcc/arm-none-eabi/9.3.1/../../../../arm-none-eabi/lib/thumb/v7e-m+fp/hard\libc_nano.a
END GROUP
START GROUP
LOAD e:/stm32cubeide_1.6.1/stm32cubeide/plugins/com.st.stm32cube.ide.mcu.externaltools.gnu-tools-for-stm32.9-2020-q2-update.win32_2.0.0.202105311346/tools/bin/../lib/gcc/arm-none-eabi/9.3.1/thumb/v7e-m+fp/hard\libgcc.a
LOAD e:/stm32cubeide_1.6.1/stm32cubeide/plugins/com.st.stm32cube.ide.mcu.externaltools.gnu-tools-for-stm32.9-2020-q2-update.win32_2.0.0.202105311346/tools/bin/../lib/gcc/arm-none-eabi/9.3.1/../../../../arm-none-eabi/lib/thumb/v7e-m+fp/hard\libc_nano.a
LOAD e:/stm32cubeide_1.6.1/stm32cubeide/plugins/com.st.stm32cube.ide.mcu.externaltools.gnu-tools-for-stm32.9-2020-q2-update.win32_2.0.0.202105311346/tools/bin/../lib/gcc/arm-none-eabi/9.3.1/../../../../arm-none-eabi/lib/thumb/v7e-m+fp/hard\libnosys.a
END GROUP
START GROUP
LOAD e:/stm32cubeide_1.6.1/stm32cubeide/plugins/com.st.stm32cube.ide.mcu.externaltools.gnu-tools-for-stm32.9-2020-q2-update.win32_2.0.0.202105311346/tools/bin/../lib/gcc/arm-none-eabi/9.3.1/thumb/v7e-m+fp/hard\libgcc.a
LOAD e:/stm32cubeide_1.6.1/stm32cubeide/plugins/com.st.stm32cube.ide.mcu.externaltools.gnu-tools-for-stm32.9-2020-q2-update.win32_2.0.0.202105311346/tools/bin/../lib/gcc/arm-none-eabi/9.3.1/../../../../arm-none-eabi/lib/thumb/v7e-m+fp/hard\libc_nano.a
LOAD e:/stm32cubeide_1.6.1/stm32cubeide/plugins/com.st.stm32cube.ide.mcu.externaltools.gnu-tools-for-stm32.9-2020-q2-update.win32_2.0.0.202105311346/tools/bin/../lib/gcc/arm-none-eabi/9.3.1/../../../../arm-none-eabi/lib/thumb/v7e-m+fp/hard\libnosys.a
END GROUP
LOAD e:/stm32cubeide_1.6.1/stm32cubeide/plugins/com.st.stm32cube.ide.mcu.externaltools.gnu-tools-for-stm32.9-2020-q2-update.win32_2.0.0.202105311346/tools/bin/../lib/gcc/arm-none-eabi/9.3.1/thumb/v7e-m+fp/hard/crtend.o
LOAD e:/stm32cubeide_1.6.1/stm32cubeide/plugins/com.st.stm32cube.ide.mcu.externaltools.gnu-tools-for-stm32.9-2020-q2-update.win32_2.0.0.202105311346/tools/bin/../lib/gcc/arm-none-eabi/9.3.1/thumb/v7e-m+fp/hard/crtn.o
                0x0000000020020000                _estack = (ORIGIN (RAM) + LENGTH (RAM))
                0x0000000000000200                _Min_Heap_Size = 0x200
                0x0000000000000400                _Min_Stack_Size = 0x400

.isr_vector     0x0000000008000000      0x188
                0x0000000008000000                . = ALIGN (0x4)
 *(.isr_vector)
 .isr_vector    0x0000000008000000      0x188 ./Core/Startup/startup_stm32f407vgtx.o
                0x0000000008000000                g_pfnVectors
                0x0000000008000188                . = ALIGN (0x4)

.text           0x0000000008000188     0x3950
                0x0000000008000188                . = ALIGN (0x4)
 *(.text)
 .text          0x0000000008000188       0x40 e:/stm32cubeide_1.6.1/stm32cubeide/plugins/com.st.stm32cube.ide.mcu.externaltools.gnu-tools-for-stm32.9-2020-q2-update.win32_2.0.0.202105311346/tools/bin/../lib/gcc/arm-none-eabi/9.3.1/thumb/v7e-m+fp/hard/crtbegin.o
 .text          0x00000000080001c8       0x30 e:/stm32cubeide_1.6.1/stm32cubeide/plugins/com.st.stm32cube.ide.mcu.externaltools.gnu-tools-for-stm32.9-2020-q2-update.win32_2.0.0.202105311346/tools/bin/../lib/gcc/arm-none-eabi/9.3.1/thumb/v7e-m+fp/hard\libgcc.a(_aeabi_uldivmod.o)
                0x00000000080001c8                __aeabi_uldivmod
 .text          0x00000000080001f8      0x2c4 e:/stm32cubeide_1.6.1/stm32cubeide/plugins/com.st.stm32cube.ide.mcu.externaltools.gnu-tools-for-stm32.9-2020-q2-update.win32_2.0.0.202105311346/tools/bin/../lib/gcc/arm-none-eabi/9.3.1/thumb/v7e-m+fp/hard\libgcc.a(_udivmoddi4.o)
                0x00000000080001f8                __udivmoddi4
 .text          0x00000000080004bc        0x4 e:/stm32cubeide_1.6.1/stm32cubeide/plugins/com.st.stm32cube.ide.mcu.externaltools.gnu-tools-for-stm32.9-2020-q2-update.win32_2.0.0.202105311346/tools/bin/../lib/gcc/arm-none-eabi/9.3.1/thumb/v7e-m+fp/hard\libgcc.a(_dvmd_tls.o)
                0x00000000080004bc                __aeabi_idiv0
                0x00000000080004bc                __aeabi_ldiv0
 *(.text*)
 .text.MX_GPIO_Init
                0x00000000080004c0       0xbc ./Core/Src/gpio.o
                0x00000000080004c0                MX_GPIO_Init
 .text.main     0x000000000800057c       0x1e ./Core/Src/main.o
                0x000000000800057c                main
 *fill*         0x000000000800059a        0x2 
 .text.SystemClock_Config
                0x000000000800059c       0xd0 ./Core/Src/main.o
                0x000000000800059c                SystemClock_Config
 .text.Error_Handler
                0x000000000800066c        0xa ./Core/Src/main.o
                0x000000000800066c                Error_Handler
 *fill*         0x0000000008000676        0x2 
 .text.MX_SPI1_Init
                0x0000000008000678       0x6c ./Core/Src/spi.o
                0x0000000008000678                MX_SPI1_Init
 .text.HAL_SPI_MspInit
                0x00000000080006e4       0xd0 ./Core/Src/spi.o
                0x00000000080006e4                HAL_SPI_MspInit
 .text.HOME_SCREEN
                0x00000000080007b4       0x94 ./Core/Src/spi_driver.o
                0x00000000080007b4                HOME_SCREEN
 .text.SPI_WREN
                0x0000000008000848       0x3c ./Core/Src/spi_driver.o
                0x0000000008000848                SPI_WREN
 .text.SPI_DISABLE_WP
                0x0000000008000884       0x70 ./Core/Src/spi_driver.o
                0x0000000008000884                SPI_DISABLE_WP
 .text.SPI_READ
                0x00000000080008f4      0x108 ./Core/Src/spi_driver.o
                0x00000000080008f4                SPI_READ
 .text.SPI_ERASE
                0x00000000080009fc       0xd8 ./Core/Src/spi_driver.o
                0x00000000080009fc                SPI_ERASE
 .text.SPI_WRITE
                0x0000000008000ad4       0xf8 ./Core/Src/spi_driver.o
                0x0000000008000ad4                SPI_WRITE
 .text.ADDRESS_MAKER
                0x0000000008000bcc       0x4c ./Core/Src/spi_driver.o
                0x0000000008000bcc                ADDRESS_MAKER
 .text.HAL_MspInit
                0x0000000008000c18       0x50 ./Core/Src/stm32f4xx_hal_msp.o
                0x0000000008000c18                HAL_MspInit
 .text.NMI_Handler
                0x0000000008000c68        0x6 ./Core/Src/stm32f4xx_it.o
                0x0000000008000c68                NMI_Handler
 .text.HardFault_Handler
                0x0000000008000c6e        0x6 ./Core/Src/stm32f4xx_it.o
                0x0000000008000c6e                HardFault_Handler
 .text.MemManage_Handler
                0x0000000008000c74        0x6 ./Core/Src/stm32f4xx_it.o
                0x0000000008000c74                MemManage_Handler
 .text.BusFault_Handler
                0x0000000008000c7a        0x6 ./Core/Src/stm32f4xx_it.o
                0x0000000008000c7a                BusFault_Handler
 .text.UsageFault_Handler
                0x0000000008000c80        0x6 ./Core/Src/stm32f4xx_it.o
                0x0000000008000c80                UsageFault_Handler
 .text.SVC_Handler
                0x0000000008000c86        0xe ./Core/Src/stm32f4xx_it.o
                0x0000000008000c86                SVC_Handler
 .text.DebugMon_Handler
                0x0000000008000c94        0xe ./Core/Src/stm32f4xx_it.o
                0x0000000008000c94                DebugMon_Handler
 .text.PendSV_Handler
                0x0000000008000ca2        0xe ./Core/Src/stm32f4xx_it.o
                0x0000000008000ca2                PendSV_Handler
 .text.SysTick_Handler
                0x0000000008000cb0        0xc ./Core/Src/stm32f4xx_it.o
                0x0000000008000cb0                SysTick_Handler
 .text.USART3_IRQHandler
                0x0000000008000cbc       0x14 ./Core/Src/stm32f4xx_it.o
                0x0000000008000cbc                USART3_IRQHandler
 .text.SystemInit
                0x0000000008000cd0       0x24 ./Core/Src/system_stm32f4xx.o
                0x0000000008000cd0                SystemInit
 .text.MX_USART3_UART_Init
                0x0000000008000cf4       0x54 ./Core/Src/usart.o
                0x0000000008000cf4                MX_USART3_UART_Init
 .text.HAL_UART_MspInit
                0x0000000008000d48       0xa0 ./Core/Src/usart.o
                0x0000000008000d48                HAL_UART_MspInit
 .text.Reset_Handler
                0x0000000008000de8       0x50 ./Core/Startup/startup_stm32f407vgtx.o
                0x0000000008000de8                Reset_Handler
 .text.Default_Handler
                0x0000000008000e38        0x2 ./Core/Startup/startup_stm32f407vgtx.o
                0x0000000008000e38                RTC_Alarm_IRQHandler
                0x0000000008000e38                HASH_RNG_IRQHandler
                0x0000000008000e38                EXTI2_IRQHandler
                0x0000000008000e38                TIM8_CC_IRQHandler
                0x0000000008000e38                TIM1_CC_IRQHandler
                0x0000000008000e38                DMA2_Stream5_IRQHandler
                0x0000000008000e38                DMA1_Stream5_IRQHandler
                0x0000000008000e38                PVD_IRQHandler
                0x0000000008000e38                SDIO_IRQHandler
                0x0000000008000e38                TAMP_STAMP_IRQHandler
                0x0000000008000e38                CAN2_RX1_IRQHandler
                0x0000000008000e38                EXTI3_IRQHandler
                0x0000000008000e38                TIM8_TRG_COM_TIM14_IRQHandler
                0x0000000008000e38                TIM1_UP_TIM10_IRQHandler
                0x0000000008000e38                TIM8_UP_TIM13_IRQHandler
                0x0000000008000e38                I2C3_ER_IRQHandler
                0x0000000008000e38                EXTI0_IRQHandler
                0x0000000008000e38                I2C2_EV_IRQHandler
                0x0000000008000e38                DMA1_Stream2_IRQHandler
                0x0000000008000e38                CAN1_RX0_IRQHandler
                0x0000000008000e38                FPU_IRQHandler
                0x0000000008000e38                OTG_HS_WKUP_IRQHandler
                0x0000000008000e38                CAN2_SCE_IRQHandler
                0x0000000008000e38                DMA2_Stream2_IRQHandler
                0x0000000008000e38                SPI1_IRQHandler
                0x0000000008000e38                TIM6_DAC_IRQHandler
                0x0000000008000e38                TIM1_BRK_TIM9_IRQHandler
                0x0000000008000e38                DCMI_IRQHandler
                0x0000000008000e38                CAN2_RX0_IRQHandler
                0x0000000008000e38                DMA2_Stream3_IRQHandler
                0x0000000008000e38                USART6_IRQHandler
                0x0000000008000e38                CAN1_RX1_IRQHandler
                0x0000000008000e38                UART5_IRQHandler
                0x0000000008000e38                DMA2_Stream0_IRQHandler
                0x0000000008000e38                TIM4_IRQHandler
                0x0000000008000e38                I2C1_EV_IRQHandler
                0x0000000008000e38                DMA1_Stream6_IRQHandler
                0x0000000008000e38                DMA1_Stream1_IRQHandler
                0x0000000008000e38                UART4_IRQHandler
                0x0000000008000e38                TIM3_IRQHandler
                0x0000000008000e38                RCC_IRQHandler
                0x0000000008000e38                TIM8_BRK_TIM12_IRQHandler
                0x0000000008000e38                Default_Handler
                0x0000000008000e38                EXTI15_10_IRQHandler
                0x0000000008000e38                ADC_IRQHandler
                0x0000000008000e38                DMA1_Stream7_IRQHandler
                0x0000000008000e38                TIM7_IRQHandler
                0x0000000008000e38                CAN2_TX_IRQHandler
                0x0000000008000e38                TIM5_IRQHandler
                0x0000000008000e38                DMA2_Stream7_IRQHandler
                0x0000000008000e38                I2C3_EV_IRQHandler
                0x0000000008000e38                EXTI9_5_IRQHandler
                0x0000000008000e38                RTC_WKUP_IRQHandler
                0x0000000008000e38                ETH_WKUP_IRQHandler
                0x0000000008000e38                SPI2_IRQHandler
                0x0000000008000e38                OTG_HS_EP1_IN_IRQHandler
                0x0000000008000e38                DMA1_Stream0_IRQHandler
                0x0000000008000e38                CAN1_TX_IRQHandler
                0x0000000008000e38                EXTI4_IRQHandler
                0x0000000008000e38                FSMC_IRQHandler
                0x0000000008000e38                ETH_IRQHandler
                0x0000000008000e38                OTG_HS_EP1_OUT_IRQHandler
                0x0000000008000e38                WWDG_IRQHandler
                0x0000000008000e38                TIM2_IRQHandler
                0x0000000008000e38                OTG_FS_WKUP_IRQHandler
                0x0000000008000e38                TIM1_TRG_COM_TIM11_IRQHandler
                0x0000000008000e38                OTG_HS_IRQHandler
                0x0000000008000e38                EXTI1_IRQHandler
                0x0000000008000e38                USART2_IRQHandler
                0x0000000008000e38                I2C2_ER_IRQHandler
                0x0000000008000e38                DMA2_Stream1_IRQHandler
                0x0000000008000e38                CAN1_SCE_IRQHandler
                0x0000000008000e38                FLASH_IRQHandler
                0x0000000008000e38                DMA2_Stream4_IRQHandler
                0x0000000008000e38                USART1_IRQHandler
                0x0000000008000e38                OTG_FS_IRQHandler
                0x0000000008000e38                SPI3_IRQHandler
                0x0000000008000e38                DMA1_Stream4_IRQHandler
                0x0000000008000e38                I2C1_ER_IRQHandler
                0x0000000008000e38                DMA2_Stream6_IRQHandler
                0x0000000008000e38                DMA1_Stream3_IRQHandler
 *fill*         0x0000000008000e3a        0x2 
 .text.HAL_Init
                0x0000000008000e3c       0x44 ./Drivers/STM32F4xx_HAL_Driver/Src/stm32f4xx_hal.o
                0x0000000008000e3c                HAL_Init
 .text.HAL_InitTick
                0x0000000008000e80       0x60 ./Drivers/STM32F4xx_HAL_Driver/Src/stm32f4xx_hal.o
                0x0000000008000e80                HAL_InitTick
 .text.HAL_IncTick
                0x0000000008000ee0       0x28 ./Drivers/STM32F4xx_HAL_Driver/Src/stm32f4xx_hal.o
                0x0000000008000ee0                HAL_IncTick
 .text.HAL_GetTick
                0x0000000008000f08       0x18 ./Drivers/STM32F4xx_HAL_Driver/Src/stm32f4xx_hal.o
                0x0000000008000f08                HAL_GetTick
 .text.HAL_Delay
                0x0000000008000f20       0x48 ./Drivers/STM32F4xx_HAL_Driver/Src/stm32f4xx_hal.o
                0x0000000008000f20                HAL_Delay
 .text.__NVIC_SetPriorityGrouping
                0x0000000008000f68       0x48 ./Drivers/STM32F4xx_HAL_Driver/Src/stm32f4xx_hal_cortex.o
 .text.__NVIC_GetPriorityGrouping
                0x0000000008000fb0       0x1c ./Drivers/STM32F4xx_HAL_Driver/Src/stm32f4xx_hal_cortex.o
 .text.__NVIC_EnableIRQ
                0x0000000008000fcc       0x3c ./Drivers/STM32F4xx_HAL_Driver/Src/stm32f4xx_hal_cortex.o
 .text.__NVIC_SetPriority
                0x0000000008001008       0x54 ./Drivers/STM32F4xx_HAL_Driver/Src/stm32f4xx_hal_cortex.o
 .text.NVIC_EncodePriority
                0x000000000800105c       0x66 ./Drivers/STM32F4xx_HAL_Driver/Src/stm32f4xx_hal_cortex.o
 *fill*         0x00000000080010c2        0x2 
 .text.SysTick_Config
                0x00000000080010c4       0x44 ./Drivers/STM32F4xx_HAL_Driver/Src/stm32f4xx_hal_cortex.o
 .text.HAL_NVIC_SetPriorityGrouping
                0x0000000008001108       0x16 ./Drivers/STM32F4xx_HAL_Driver/Src/stm32f4xx_hal_cortex.o
                0x0000000008001108                HAL_NVIC_SetPriorityGrouping
 .text.HAL_NVIC_SetPriority
                0x000000000800111e       0x38 ./Drivers/STM32F4xx_HAL_Driver/Src/stm32f4xx_hal_cortex.o
                0x000000000800111e                HAL_NVIC_SetPriority
 .text.HAL_NVIC_EnableIRQ
                0x0000000008001156       0x1c ./Drivers/STM32F4xx_HAL_Driver/Src/stm32f4xx_hal_cortex.o
                0x0000000008001156                HAL_NVIC_EnableIRQ
 .text.HAL_SYSTICK_Config
                0x0000000008001172       0x18 ./Drivers/STM32F4xx_HAL_Driver/Src/stm32f4xx_hal_cortex.o
                0x0000000008001172                HAL_SYSTICK_Config
 .text.HAL_DMA_Abort
                0x000000000800118a       0xe0 ./Drivers/STM32F4xx_HAL_Driver/Src/stm32f4xx_hal_dma.o
                0x000000000800118a                HAL_DMA_Abort
 .text.HAL_DMA_Abort_IT
                0x000000000800126a       0x44 ./Drivers/STM32F4xx_HAL_Driver/Src/stm32f4xx_hal_dma.o
                0x000000000800126a                HAL_DMA_Abort_IT
 *fill*         0x00000000080012ae        0x2 
 .text.HAL_GPIO_Init
                0x00000000080012b0      0x338 ./Drivers/STM32F4xx_HAL_Driver/Src/stm32f4xx_hal_gpio.o
                0x00000000080012b0                HAL_GPIO_Init
 .text.HAL_GPIO_WritePin
                0x00000000080015e8       0x32 ./Drivers/STM32F4xx_HAL_Driver/Src/stm32f4xx_hal_gpio.o
                0x00000000080015e8                HAL_GPIO_WritePin
 *fill*         0x000000000800161a        0x2 
 .text.HAL_RCC_OscConfig
                0x000000000800161c      0x4f0 ./Drivers/STM32F4xx_HAL_Driver/Src/stm32f4xx_hal_rcc.o
                0x000000000800161c                HAL_RCC_OscConfig
 .text.HAL_RCC_ClockConfig
                0x0000000008001b0c      0x1cc ./Drivers/STM32F4xx_HAL_Driver/Src/stm32f4xx_hal_rcc.o
                0x0000000008001b0c                HAL_RCC_ClockConfig
 .text.HAL_RCC_GetSysClockFreq
                0x0000000008001cd8      0x1c4 ./Drivers/STM32F4xx_HAL_Driver/Src/stm32f4xx_hal_rcc.o
                0x0000000008001cd8                HAL_RCC_GetSysClockFreq
 .text.HAL_RCC_GetHCLKFreq
                0x0000000008001e9c       0x18 ./Drivers/STM32F4xx_HAL_Driver/Src/stm32f4xx_hal_rcc.o
                0x0000000008001e9c                HAL_RCC_GetHCLKFreq
 .text.HAL_RCC_GetPCLK1Freq
                0x0000000008001eb4       0x28 ./Drivers/STM32F4xx_HAL_Driver/Src/stm32f4xx_hal_rcc.o
                0x0000000008001eb4                HAL_RCC_GetPCLK1Freq
 .text.HAL_RCC_GetPCLK2Freq
                0x0000000008001edc       0x28 ./Drivers/STM32F4xx_HAL_Driver/Src/stm32f4xx_hal_rcc.o
                0x0000000008001edc                HAL_RCC_GetPCLK2Freq
 .text.HAL_SPI_Init
                0x0000000008001f04      0x112 ./Drivers/STM32F4xx_HAL_Driver/Src/stm32f4xx_hal_spi.o
                0x0000000008001f04                HAL_SPI_Init
 .text.HAL_SPI_Transmit
                0x0000000008002016      0x278 ./Drivers/STM32F4xx_HAL_Driver/Src/stm32f4xx_hal_spi.o
                0x0000000008002016                HAL_SPI_Transmit
 .text.HAL_SPI_Receive
                0x000000000800228e      0x222 ./Drivers/STM32F4xx_HAL_Driver/Src/stm32f4xx_hal_spi.o
                0x000000000800228e                HAL_SPI_Receive
 .text.HAL_SPI_TransmitReceive
                0x00000000080024b0      0x344 ./Drivers/STM32F4xx_HAL_Driver/Src/stm32f4xx_hal_spi.o
                0x00000000080024b0                HAL_SPI_TransmitReceive
 .text.SPI_WaitFlagStateUntilTimeout
                0x00000000080027f4      0x110 ./Drivers/STM32F4xx_HAL_Driver/Src/stm32f4xx_hal_spi.o
 .text.SPI_EndRxTransaction
                0x0000000008002904       0xca ./Drivers/STM32F4xx_HAL_Driver/Src/stm32f4xx_hal_spi.o
 *fill*         0x00000000080029ce        0x2 
 .text.SPI_EndRxTxTransaction
                0x00000000080029d0       0x84 ./Drivers/STM32F4xx_HAL_Driver/Src/stm32f4xx_hal_spi.o
 .text.HAL_UART_Init
                0x0000000008002a54       0x9a ./Drivers/STM32F4xx_HAL_Driver/Src/stm32f4xx_hal_uart.o
                0x0000000008002a54                HAL_UART_Init
 .text.HAL_UART_Transmit
                0x0000000008002aee      0x124 ./Drivers/STM32F4xx_HAL_Driver/Src/stm32f4xx_hal_uart.o
                0x0000000008002aee                HAL_UART_Transmit
 .text.HAL_UART_Receive
                0x0000000008002c12      0x144 ./Drivers/STM32F4xx_HAL_Driver/Src/stm32f4xx_hal_uart.o
                0x0000000008002c12                HAL_UART_Receive
 *fill*         0x0000000008002d56        0x2 
 .text.HAL_UART_IRQHandler
                0x0000000008002d58      0x51c ./Drivers/STM32F4xx_HAL_Driver/Src/stm32f4xx_hal_uart.o
                0x0000000008002d58                HAL_UART_IRQHandler
 .text.HAL_UART_TxCpltCallback
                0x0000000008003274       0x14 ./Drivers/STM32F4xx_HAL_Driver/Src/stm32f4xx_hal_uart.o
                0x0000000008003274                HAL_UART_TxCpltCallback
 .text.HAL_UART_RxCpltCallback
                0x0000000008003288       0x14 ./Drivers/STM32F4xx_HAL_Driver/Src/stm32f4xx_hal_uart.o
                0x0000000008003288                HAL_UART_RxCpltCallback
 .text.HAL_UART_ErrorCallback
                0x000000000800329c       0x14 ./Drivers/STM32F4xx_HAL_Driver/Src/stm32f4xx_hal_uart.o
                0x000000000800329c                HAL_UART_ErrorCallback
 .text.HAL_UARTEx_RxEventCallback
                0x00000000080032b0       0x18 ./Drivers/STM32F4xx_HAL_Driver/Src/stm32f4xx_hal_uart.o
                0x00000000080032b0                HAL_UARTEx_RxEventCallback
 .text.UART_WaitOnFlagUntilTimeout
                0x00000000080032c8       0xdc ./Drivers/STM32F4xx_HAL_Driver/Src/stm32f4xx_hal_uart.o
 .text.UART_EndRxTransfer
                0x00000000080033a4       0xc6 ./Drivers/STM32F4xx_HAL_Driver/Src/stm32f4xx_hal_uart.o
 .text.UART_DMAAbortOnError
                0x000000000800346a       0x28 ./Drivers/STM32F4xx_HAL_Driver/Src/stm32f4xx_hal_uart.o
 .text.UART_Transmit_IT
                0x0000000008003492       0xa0 ./Drivers/STM32F4xx_HAL_Driver/Src/stm32f4xx_hal_uart.o
 .text.UART_EndTransmit_IT
                0x0000000008003532       0x30 ./Drivers/STM32F4xx_HAL_Driver/Src/stm32f4xx_hal_uart.o
 .text.UART_Receive_IT
                0x0000000008003562      0x176 ./Drivers/STM32F4xx_HAL_Driver/Src/stm32f4xx_hal_uart.o
 .text.UART_SetConfig
                0x00000000080036d8      0x390 ./Drivers/STM32F4xx_HAL_Driver/Src/stm32f4xx_hal_uart.o
 .text.__libc_init_array
                0x0000000008003a68       0x48 e:/stm32cubeide_1.6.1/stm32cubeide/plugins/com.st.stm32cube.ide.mcu.externaltools.gnu-tools-for-stm32.9-2020-q2-update.win32_2.0.0.202105311346/tools/bin/../lib/gcc/arm-none-eabi/9.3.1/../../../../arm-none-eabi/lib/thumb/v7e-m+fp/hard\libc_nano.a(lib_a-init.o)
                0x0000000008003a68                __libc_init_array
 .text.memset   0x0000000008003ab0       0x10 e:/stm32cubeide_1.6.1/stm32cubeide/plugins/com.st.stm32cube.ide.mcu.externaltools.gnu-tools-for-stm32.9-2020-q2-update.win32_2.0.0.202105311346/tools/bin/../lib/gcc/arm-none-eabi/9.3.1/../../../../arm-none-eabi/lib/thumb/v7e-m+fp/hard\libc_nano.a(lib_a-memset.o)
                0x0000000008003ab0                memset
 *(.glue_7)
 .glue_7        0x0000000008003ac0        0x0 linker stubs
 *(.glue_7t)
 .glue_7t       0x0000000008003ac0        0x0 linker stubs
 *(.eh_frame)
 .eh_frame      0x0000000008003ac0        0x0 e:/stm32cubeide_1.6.1/stm32cubeide/plugins/com.st.stm32cube.ide.mcu.externaltools.gnu-tools-for-stm32.9-2020-q2-update.win32_2.0.0.202105311346/tools/bin/../lib/gcc/arm-none-eabi/9.3.1/thumb/v7e-m+fp/hard/crtbegin.o
 *(.init)
 .init          0x0000000008003ac0        0x4 e:/stm32cubeide_1.6.1/stm32cubeide/plugins/com.st.stm32cube.ide.mcu.externaltools.gnu-tools-for-stm32.9-2020-q2-update.win32_2.0.0.202105311346/tools/bin/../lib/gcc/arm-none-eabi/9.3.1/thumb/v7e-m+fp/hard/crti.o
                0x0000000008003ac0                _init
 .init          0x0000000008003ac4        0x8 e:/stm32cubeide_1.6.1/stm32cubeide/plugins/com.st.stm32cube.ide.mcu.externaltools.gnu-tools-for-stm32.9-2020-q2-update.win32_2.0.0.202105311346/tools/bin/../lib/gcc/arm-none-eabi/9.3.1/thumb/v7e-m+fp/hard/crtn.o
 *(.fini)
 .fini          0x0000000008003acc        0x4 e:/stm32cubeide_1.6.1/stm32cubeide/plugins/com.st.stm32cube.ide.mcu.externaltools.gnu-tools-for-stm32.9-2020-q2-update.win32_2.0.0.202105311346/tools/bin/../lib/gcc/arm-none-eabi/9.3.1/thumb/v7e-m+fp/hard/crti.o
                0x0000000008003acc                _fini
 .fini          0x0000000008003ad0        0x8 e:/stm32cubeide_1.6.1/stm32cubeide/plugins/com.st.stm32cube.ide.mcu.externaltools.gnu-tools-for-stm32.9-2020-q2-update.win32_2.0.0.202105311346/tools/bin/../lib/gcc/arm-none-eabi/9.3.1/thumb/v7e-m+fp/hard/crtn.o
                0x0000000008003ad8                . = ALIGN (0x4)
                0x0000000008003ad8                _etext = .

.vfp11_veneer   0x0000000008003ad8        0x0
 .vfp11_veneer  0x0000000008003ad8        0x0 linker stubs

.v4_bx          0x0000000008003ad8        0x0
 .v4_bx         0x0000000008003ad8        0x0 linker stubs

.iplt           0x0000000008003ad8        0x0
 .iplt          0x0000000008003ad8        0x0 e:/stm32cubeide_1.6.1/stm32cubeide/plugins/com.st.stm32cube.ide.mcu.externaltools.gnu-tools-for-stm32.9-2020-q2-update.win32_2.0.0.202105311346/tools/bin/../lib/gcc/arm-none-eabi/9.3.1/thumb/v7e-m+fp/hard/crtbegin.o

.rodata         0x0000000008003ad8      0x75c
                0x0000000008003ad8                . = ALIGN (0x4)
 *(.rodata)
 *(.rodata*)
 .rodata.FLASH_READ
                0x0000000008003ad8        0x1 ./Core/Src/spi_driver.o
                0x0000000008003ad8                FLASH_READ
 .rodata.FLASH_READ_STATUS
                0x0000000008003ad9        0x1 ./Core/Src/spi_driver.o
                0x0000000008003ad9                FLASH_READ_STATUS
 .rodata.FLASH_EWSR
                0x0000000008003ada        0x1 ./Core/Src/spi_driver.o
                0x0000000008003ada                FLASH_EWSR
 .rodata.FLASH_ERASE_ALL
                0x0000000008003adb        0x1 ./Core/Src/spi_driver.o
                0x0000000008003adb                FLASH_ERASE_ALL
 .rodata.FLASH_WRITE_BYTE
                0x0000000008003adc        0x1 ./Core/Src/spi_driver.o
                0x0000000008003adc                FLASH_WRITE_BYTE
 .rodata.FLASH_WRITE_STATUS_REGISTER
                0x0000000008003add        0x1 ./Core/Src/spi_driver.o
                0x0000000008003add                FLASH_WRITE_STATUS_REGISTER
 .rodata.FLASH_WRITE_ENABLE
                0x0000000008003ade        0x1 ./Core/Src/spi_driver.o
                0x0000000008003ade                FLASH_WRITE_ENABLE
 .rodata.WAITING_MSG
                0x0000000008003adf        0x1 ./Core/Src/spi_driver.o
                0x0000000008003adf                WAITING_MSG
 .rodata.WELCOME_MSG
                0x0000000008003ae0       0xdc ./Core/Src/spi_driver.o
                0x0000000008003ae0                WELCOME_MSG
 .rodata.WRONG_COMMAND_MSG
                0x0000000008003bbc       0x25 ./Core/Src/spi_driver.o
                0x0000000008003bbc                WRONG_COMMAND_MSG
 *fill*         0x0000000008003be1        0x3 
 .rodata.TIMEOUT_ERROR_MSG
                0x0000000008003be4       0x32 ./Core/Src/spi_driver.o
                0x0000000008003be4                TIMEOUT_ERROR_MSG
 *fill*         0x0000000008003c16        0x2 
 .rodata.ERASE_COMPLETE_MSG
                0x0000000008003c18       0x18 ./Core/Src/spi_driver.o
                0x0000000008003c18                ERASE_COMPLETE_MSG
 .rodata.ERASE_IN_PROGRESS_MSG
                0x0000000008003c30       0x1e ./Core/Src/spi_driver.o
                0x0000000008003c30                ERASE_IN_PROGRESS_MSG
 *fill*         0x0000000008003c4e        0x2 
 .rodata.WRITE_IN_PROGRESS_MSG
                0x0000000008003c50       0x22 ./Core/Src/spi_driver.o
                0x0000000008003c50                WRITE_IN_PROGRESS_MSG
 *fill*         0x0000000008003c72        0x2 
 .rodata.WRITE_COMPLETE_MSG
                0x0000000008003c74       0x1d ./Core/Src/spi_driver.o
                0x0000000008003c74                WRITE_COMPLETE_MSG
 *fill*         0x0000000008003c91        0x3 
 .rodata.FROM   0x0000000008003c94       0x34 ./Core/Src/spi_driver.o
                0x0000000008003c94                FROM
 .rodata.MENTOR
                0x0000000008003cc8       0x3a ./Core/Src/spi_driver.o
                0x0000000008003cc8                MENTOR
 *fill*         0x0000000008003d02        0x2 
 .rodata.DATE   0x0000000008003d04        0xb ./Core/Src/spi_driver.o
                0x0000000008003d04                DATE
 *fill*         0x0000000008003d0f        0x1 
 .rodata.CAPSULE_MSG_1
                0x0000000008003d10       0x26 ./Core/Src/spi_driver.o
                0x0000000008003d10                CAPSULE_MSG_1
 *fill*         0x0000000008003d36        0x2 
 .rodata.CAPSULE_MSG_2
                0x0000000008003d38       0x1c ./Core/Src/spi_driver.o
                0x0000000008003d38                CAPSULE_MSG_2
 .rodata.CAPSULE_MSG_3
                0x0000000008003d54       0x32 ./Core/Src/spi_driver.o
                0x0000000008003d54                CAPSULE_MSG_3
 *fill*         0x0000000008003d86        0x2 
 .rodata.CAPSULE_MSG_4
                0x0000000008003d88       0x5d ./Core/Src/spi_driver.o
                0x0000000008003d88                CAPSULE_MSG_4
 *fill*         0x0000000008003de5        0x3 
 .rodata.CAPSULE_MSG_5
                0x0000000008003de8       0x5d ./Core/Src/spi_driver.o
                0x0000000008003de8                CAPSULE_MSG_5
 *fill*         0x0000000008003e45        0x3 
 .rodata.CAPSULE_MSG_6
                0x0000000008003e48       0x5d ./Core/Src/spi_driver.o
                0x0000000008003e48                CAPSULE_MSG_6
 *fill*         0x0000000008003ea5        0x3 
 .rodata.CAPSULE_MSG_7
                0x0000000008003ea8       0x5d ./Core/Src/spi_driver.o
                0x0000000008003ea8                CAPSULE_MSG_7
 *fill*         0x0000000008003f05        0x3 
 .rodata.CAPSULE_MSG_8
                0x0000000008003f08       0x5d ./Core/Src/spi_driver.o
                0x0000000008003f08                CAPSULE_MSG_8
 *fill*         0x0000000008003f65        0x3 
 .rodata.CAPSULE_MSG_9
                0x0000000008003f68       0x5d ./Core/Src/spi_driver.o
                0x0000000008003f68                CAPSULE_MSG_9
 *fill*         0x0000000008003fc5        0x3 
 .rodata.CAPSULE_MSG_10
                0x0000000008003fc8       0x5d ./Core/Src/spi_driver.o
                0x0000000008003fc8                CAPSULE_MSG_10
 *fill*         0x0000000008004025        0x3 
 .rodata.CAPSULE_MSG_11
                0x0000000008004028       0x5d ./Core/Src/spi_driver.o
                0x0000000008004028                CAPSULE_MSG_11
 *fill*         0x0000000008004085        0x3 
 .rodata.CAPSULE_MSG_12
                0x0000000008004088       0x5d ./Core/Src/spi_driver.o
                0x0000000008004088                CAPSULE_MSG_12
 *fill*         0x00000000080040e5        0x3 
 .rodata.CAPSULE_MSG_13
                0x00000000080040e8       0x5d ./Core/Src/spi_driver.o
                0x00000000080040e8                CAPSULE_MSG_13
 *fill*         0x0000000008004145        0x3 
 .rodata.CAPSULE_MSG_14
                0x0000000008004148       0x5d ./Core/Src/spi_driver.o
                0x0000000008004148                CAPSULE_MSG_14
 *fill*         0x00000000080041a5        0x3 
 .rodata.CAPSULE_MSG_15
                0x00000000080041a8       0x5d ./Core/Src/spi_driver.o
                0x00000000080041a8                CAPSULE_MSG_15
 *fill*         0x0000000008004205        0x3 
 .rodata.SIZES_FOR_TO_WRITE_LIST
                0x0000000008004208       0x12 ./Core/Src/spi_driver.o
                0x0000000008004208                SIZES_FOR_TO_WRITE_LIST
 *fill*         0x000000000800421a        0x2 
 .rodata.AHBPrescTable
                0x000000000800421c       0x10 ./Core/Src/system_stm32f4xx.o
                0x000000000800421c                AHBPrescTable
 .rodata.APBPrescTable
                0x000000000800422c        0x8 ./Core/Src/system_stm32f4xx.o
                0x000000000800422c                APBPrescTable
                0x0000000008004234                . = ALIGN (0x4)

.ARM.extab      0x0000000008004234        0x0
                0x0000000008004234                . = ALIGN (0x4)
 *(.ARM.extab* .gnu.linkonce.armextab.*)
                0x0000000008004234                . = ALIGN (0x4)

.ARM            0x0000000008004234        0x8
                0x0000000008004234                . = ALIGN (0x4)
                0x0000000008004234                __exidx_start = .
 *(.ARM.exidx*)
 .ARM.exidx     0x0000000008004234        0x8 e:/stm32cubeide_1.6.1/stm32cubeide/plugins/com.st.stm32cube.ide.mcu.externaltools.gnu-tools-for-stm32.9-2020-q2-update.win32_2.0.0.202105311346/tools/bin/../lib/gcc/arm-none-eabi/9.3.1/thumb/v7e-m+fp/hard\libgcc.a(_udivmoddi4.o)
                0x000000000800423c                __exidx_end = .
                0x000000000800423c                . = ALIGN (0x4)

.rel.dyn        0x000000000800423c        0x0
 .rel.iplt      0x000000000800423c        0x0 e:/stm32cubeide_1.6.1/stm32cubeide/plugins/com.st.stm32cube.ide.mcu.externaltools.gnu-tools-for-stm32.9-2020-q2-update.win32_2.0.0.202105311346/tools/bin/../lib/gcc/arm-none-eabi/9.3.1/thumb/v7e-m+fp/hard/crtbegin.o

.preinit_array  0x000000000800423c        0x0
                0x000000000800423c                . = ALIGN (0x4)
                0x000000000800423c                PROVIDE (__preinit_array_start = .)
 *(.preinit_array*)
                0x000000000800423c                PROVIDE (__preinit_array_end = .)
                0x000000000800423c                . = ALIGN (0x4)

.init_array     0x000000000800423c        0x4
                0x000000000800423c                . = ALIGN (0x4)
                0x000000000800423c                PROVIDE (__init_array_start = .)
 *(SORT_BY_NAME(.init_array.*))
 *(.init_array*)
 .init_array    0x000000000800423c        0x4 e:/stm32cubeide_1.6.1/stm32cubeide/plugins/com.st.stm32cube.ide.mcu.externaltools.gnu-tools-for-stm32.9-2020-q2-update.win32_2.0.0.202105311346/tools/bin/../lib/gcc/arm-none-eabi/9.3.1/thumb/v7e-m+fp/hard/crtbegin.o
                0x0000000008004240                PROVIDE (__init_array_end = .)
                0x0000000008004240                . = ALIGN (0x4)

.fini_array     0x0000000008004240        0x4
                0x0000000008004240                . = ALIGN (0x4)
                [!provide]                        PROVIDE (__fini_array_start = .)
 *(SORT_BY_NAME(.fini_array.*))
 *(.fini_array*)
 .fini_array    0x0000000008004240        0x4 e:/stm32cubeide_1.6.1/stm32cubeide/plugins/com.st.stm32cube.ide.mcu.externaltools.gnu-tools-for-stm32.9-2020-q2-update.win32_2.0.0.202105311346/tools/bin/../lib/gcc/arm-none-eabi/9.3.1/thumb/v7e-m+fp/hard/crtbegin.o
                [!provide]                        PROVIDE (__fini_array_end = .)
                0x0000000008004244                . = ALIGN (0x4)
                0x0000000008004244                _sidata = LOADADDR (.data)

.data           0x0000000020000000       0x58 load address 0x0000000008004244
                0x0000000020000000                . = ALIGN (0x4)
                0x0000000020000000                _sdata = .
 *(.data)
 *(.data*)
 .data.TO_WRITE_LIST
                0x0000000020000000       0x48 ./Core/Src/spi_driver.o
                0x0000000020000000                TO_WRITE_LIST
 .data.RX_LEN   0x0000000020000048        0x1 ./Core/Src/spi_driver.o
                0x0000000020000048                RX_LEN
 *fill*         0x0000000020000049        0x3 
 .data.SystemCoreClock
                0x000000002000004c        0x4 ./Core/Src/system_stm32f4xx.o
                0x000000002000004c                SystemCoreClock
 .data.uwTickPrio
                0x0000000020000050        0x4 ./Drivers/STM32F4xx_HAL_Driver/Src/stm32f4xx_hal.o
                0x0000000020000050                uwTickPrio
 .data.uwTickFreq
                0x0000000020000054        0x1 ./Drivers/STM32F4xx_HAL_Driver/Src/stm32f4xx_hal.o
                0x0000000020000054                uwTickFreq
 *(.RamFunc)
 *(.RamFunc*)
                0x0000000020000058                . = ALIGN (0x4)
 *fill*         0x0000000020000055        0x3 
                0x0000000020000058                _edata = .
                0x000000000800429c                _siccmram = LOADADDR (.ccmram)

.igot.plt       0x0000000020000058        0x0 load address 0x000000000800429c
 .igot.plt      0x0000000020000058        0x0 e:/stm32cubeide_1.6.1/stm32cubeide/plugins/com.st.stm32cube.ide.mcu.externaltools.gnu-tools-for-stm32.9-2020-q2-update.win32_2.0.0.202105311346/tools/bin/../lib/gcc/arm-none-eabi/9.3.1/thumb/v7e-m+fp/hard/crtbegin.o

.ccmram         0x0000000010000000        0x0 load address 0x000000000800429c
                0x0000000010000000                . = ALIGN (0x4)
                0x0000000010000000                _sccmram = .
 *(.ccmram)
 *(.ccmram*)
                0x0000000010000000                . = ALIGN (0x4)
                0x0000000010000000                _eccmram = .
                0x0000000010000000                . = ALIGN (0x4)

.bss            0x0000000020000058      0x124
                0x0000000020000058                _sbss = .
                0x0000000020000058                __bss_start__ = _sbss
 *(.bss)
 .bss           0x0000000020000058       0x1c e:/stm32cubeide_1.6.1/stm32cubeide/plugins/com.st.stm32cube.ide.mcu.externaltools.gnu-tools-for-stm32.9-2020-q2-update.win32_2.0.0.202105311346/tools/bin/../lib/gcc/arm-none-eabi/9.3.1/thumb/v7e-m+fp/hard/crtbegin.o
 *(.bss*)
 .bss.address_tx
                0x0000000020000074        0x3 ./Core/Src/spi_driver.o
                0x0000000020000074                address_tx
 .bss.USR_ENTER
                0x0000000020000077        0x1 ./Core/Src/spi_driver.o
                0x0000000020000077                USR_ENTER
 .bss.RECEIVED_DATA
                0x0000000020000078       0x64 ./Core/Src/spi_driver.o
                0x0000000020000078                RECEIVED_DATA
 *(COMMON)
 COMMON         0x00000000200000dc       0x58 ./Core/Src/spi.o
                0x00000000200000dc                hspi1
 COMMON         0x0000000020000134       0x44 ./Core/Src/usart.o
                0x0000000020000134                huart3
 COMMON         0x0000000020000178        0x4 ./Drivers/STM32F4xx_HAL_Driver/Src/stm32f4xx_hal.o
                0x0000000020000178                uwTick
                0x000000002000017c                . = ALIGN (0x4)
                0x000000002000017c                _ebss = .
                0x000000002000017c                __bss_end__ = _ebss

._user_heap_stack
                0x000000002000017c      0x604
                0x0000000020000180                . = ALIGN (0x8)
 *fill*         0x000000002000017c        0x4 
                [!provide]                        PROVIDE (end = .)
                0x0000000020000180                PROVIDE (_end = .)
                0x0000000020000380                . = (. + _Min_Heap_Size)
 *fill*         0x0000000020000180      0x200 
                0x0000000020000780                . = (. + _Min_Stack_Size)
 *fill*         0x0000000020000380      0x400 
                0x0000000020000780                . = ALIGN (0x8)

/DISCARD/
 libc.a(*)
 libm.a(*)
 libgcc.a(*)

.ARM.attributes
                0x0000000000000000       0x30
 *(.ARM.attributes)
 .ARM.attributes
                0x0000000000000000       0x1e e:/stm32cubeide_1.6.1/stm32cubeide/plugins/com.st.stm32cube.ide.mcu.externaltools.gnu-tools-for-stm32.9-2020-q2-update.win32_2.0.0.202105311346/tools/bin/../lib/gcc/arm-none-eabi/9.3.1/thumb/v7e-m+fp/hard/crti.o
 .ARM.attributes
                0x000000000000001e       0x34 e:/stm32cubeide_1.6.1/stm32cubeide/plugins/com.st.stm32cube.ide.mcu.externaltools.gnu-tools-for-stm32.9-2020-q2-update.win32_2.0.0.202105311346/tools/bin/../lib/gcc/arm-none-eabi/9.3.1/thumb/v7e-m+fp/hard/crtbegin.o
 .ARM.attributes
                0x0000000000000052       0x34 ./Core/Src/gpio.o
 .ARM.attributes
                0x0000000000000086       0x34 ./Core/Src/main.o
 .ARM.attributes
                0x00000000000000ba       0x34 ./Core/Src/spi.o
 .ARM.attributes
                0x00000000000000ee       0x34 ./Core/Src/spi_driver.o
 .ARM.attributes
                0x0000000000000122       0x34 ./Core/Src/stm32f4xx_hal_msp.o
 .ARM.attributes
                0x0000000000000156       0x34 ./Core/Src/stm32f4xx_it.o
 .ARM.attributes
                0x000000000000018a       0x34 ./Core/Src/system_stm32f4xx.o
 .ARM.attributes
                0x00000000000001be       0x34 ./Core/Src/usart.o
 .ARM.attributes
                0x00000000000001f2       0x21 ./Core/Startup/startup_stm32f407vgtx.o
 .ARM.attributes
                0x0000000000000213       0x34 ./Drivers/STM32F4xx_HAL_Driver/Src/stm32f4xx_hal.o
 .ARM.attributes
                0x0000000000000247       0x34 ./Drivers/STM32F4xx_HAL_Driver/Src/stm32f4xx_hal_cortex.o
 .ARM.attributes
                0x000000000000027b       0x34 ./Drivers/STM32F4xx_HAL_Driver/Src/stm32f4xx_hal_dma.o
 .ARM.attributes
                0x00000000000002af       0x34 ./Drivers/STM32F4xx_HAL_Driver/Src/stm32f4xx_hal_gpio.o
 .ARM.attributes
                0x00000000000002e3       0x34 ./Drivers/STM32F4xx_HAL_Driver/Src/stm32f4xx_hal_rcc.o
 .ARM.attributes
                0x0000000000000317       0x34 ./Drivers/STM32F4xx_HAL_Driver/Src/stm32f4xx_hal_spi.o
 .ARM.attributes
                0x000000000000034b       0x34 ./Drivers/STM32F4xx_HAL_Driver/Src/stm32f4xx_hal_uart.o
 .ARM.attributes
                0x000000000000037f       0x34 e:/stm32cubeide_1.6.1/stm32cubeide/plugins/com.st.stm32cube.ide.mcu.externaltools.gnu-tools-for-stm32.9-2020-q2-update.win32_2.0.0.202105311346/tools/bin/../lib/gcc/arm-none-eabi/9.3.1/../../../../arm-none-eabi/lib/thumb/v7e-m+fp/hard\libc_nano.a(lib_a-init.o)
 .ARM.attributes
                0x00000000000003b3       0x34 e:/stm32cubeide_1.6.1/stm32cubeide/plugins/com.st.stm32cube.ide.mcu.externaltools.gnu-tools-for-stm32.9-2020-q2-update.win32_2.0.0.202105311346/tools/bin/../lib/gcc/arm-none-eabi/9.3.1/../../../../arm-none-eabi/lib/thumb/v7e-m+fp/hard\libc_nano.a(lib_a-memset.o)
 .ARM.attributes
                0x00000000000003e7       0x1e e:/stm32cubeide_1.6.1/stm32cubeide/plugins/com.st.stm32cube.ide.mcu.externaltools.gnu-tools-for-stm32.9-2020-q2-update.win32_2.0.0.202105311346/tools/bin/../lib/gcc/arm-none-eabi/9.3.1/thumb/v7e-m+fp/hard\libgcc.a(_aeabi_uldivmod.o)
 .ARM.attributes
                0x0000000000000405       0x34 e:/stm32cubeide_1.6.1/stm32cubeide/plugins/com.st.stm32cube.ide.mcu.externaltools.gnu-tools-for-stm32.9-2020-q2-update.win32_2.0.0.202105311346/tools/bin/../lib/gcc/arm-none-eabi/9.3.1/thumb/v7e-m+fp/hard\libgcc.a(_udivmoddi4.o)
 .ARM.attributes
                0x0000000000000439       0x1e e:/stm32cubeide_1.6.1/stm32cubeide/plugins/com.st.stm32cube.ide.mcu.externaltools.gnu-tools-for-stm32.9-2020-q2-update.win32_2.0.0.202105311346/tools/bin/../lib/gcc/arm-none-eabi/9.3.1/thumb/v7e-m+fp/hard\libgcc.a(_dvmd_tls.o)
 .ARM.attributes
                0x0000000000000457       0x1e e:/stm32cubeide_1.6.1/stm32cubeide/plugins/com.st.stm32cube.ide.mcu.externaltools.gnu-tools-for-stm32.9-2020-q2-update.win32_2.0.0.202105311346/tools/bin/../lib/gcc/arm-none-eabi/9.3.1/thumb/v7e-m+fp/hard/crtn.o
OUTPUT(SPI.elf elf32-littlearm)
LOAD linker stubs
LOAD e:/stm32cubeide_1.6.1/stm32cubeide/plugins/com.st.stm32cube.ide.mcu.externaltools.gnu-tools-for-stm32.9-2020-q2-update.win32_2.0.0.202105311346/tools/bin/../lib/gcc/arm-none-eabi/9.3.1/../../../../arm-none-eabi/lib/thumb/v7e-m+fp/hard\libc.a
LOAD e:/stm32cubeide_1.6.1/stm32cubeide/plugins/com.st.stm32cube.ide.mcu.externaltools.gnu-tools-for-stm32.9-2020-q2-update.win32_2.0.0.202105311346/tools/bin/../lib/gcc/arm-none-eabi/9.3.1/../../../../arm-none-eabi/lib/thumb/v7e-m+fp/hard\libm.a
LOAD e:/stm32cubeide_1.6.1/stm32cubeide/plugins/com.st.stm32cube.ide.mcu.externaltools.gnu-tools-for-stm32.9-2020-q2-update.win32_2.0.0.202105311346/tools/bin/../lib/gcc/arm-none-eabi/9.3.1/thumb/v7e-m+fp/hard\libgcc.a

.debug_info     0x0000000000000000     0xcf29
 .debug_info    0x0000000000000000      0x512 ./Core/Src/gpio.o
 .debug_info    0x0000000000000512      0xced ./Core/Src/main.o
 .debug_info    0x00000000000011ff      0xa77 ./Core/Src/spi.o
 .debug_info    0x0000000000001c76     0x1837 ./Core/Src/spi_driver.o
 .debug_info    0x00000000000034ad      0x394 ./Core/Src/stm32f4xx_hal_msp.o
 .debug_info    0x0000000000003841      0x70d ./Core/Src/stm32f4xx_it.o
 .debug_info    0x0000000000003f4e      0x5a4 ./Core/Src/system_stm32f4xx.o
 .debug_info    0x00000000000044f2      0xc29 ./Core/Src/usart.o
 .debug_info    0x000000000000511b       0x22 ./Core/Startup/startup_stm32f407vgtx.o
 .debug_info    0x000000000000513d      0x9b2 ./Drivers/STM32F4xx_HAL_Driver/Src/stm32f4xx_hal.o
 .debug_info    0x0000000000005aef      0xed7 ./Drivers/STM32F4xx_HAL_Driver/Src/stm32f4xx_hal_cortex.o
 .debug_info    0x00000000000069c6      0x9f1 ./Drivers/STM32F4xx_HAL_Driver/Src/stm32f4xx_hal_dma.o
 .debug_info    0x00000000000073b7      0x83e ./Drivers/STM32F4xx_HAL_Driver/Src/stm32f4xx_hal_gpio.o
 .debug_info    0x0000000000007bf5      0x996 ./Drivers/STM32F4xx_HAL_Driver/Src/stm32f4xx_hal_rcc.o
 .debug_info    0x000000000000858b     0x17c0 ./Drivers/STM32F4xx_HAL_Driver/Src/stm32f4xx_hal_spi.o
 .debug_info    0x0000000000009d4b     0x31de ./Drivers/STM32F4xx_HAL_Driver/Src/stm32f4xx_hal_uart.o

.debug_abbrev   0x0000000000000000     0x1e0d
 .debug_abbrev  0x0000000000000000      0x14e ./Core/Src/gpio.o
 .debug_abbrev  0x000000000000014e      0x1db ./Core/Src/main.o
 .debug_abbrev  0x0000000000000329      0x1bb ./Core/Src/spi.o
 .debug_abbrev  0x00000000000004e4      0x24d ./Core/Src/spi_driver.o
 .debug_abbrev  0x0000000000000731      0x11d ./Core/Src/stm32f4xx_hal_msp.o
 .debug_abbrev  0x000000000000084e      0x163 ./Core/Src/stm32f4xx_it.o
 .debug_abbrev  0x00000000000009b1      0x145 ./Core/Src/system_stm32f4xx.o
 .debug_abbrev  0x0000000000000af6      0x1c4 ./Core/Src/usart.o
 .debug_abbrev  0x0000000000000cba       0x12 ./Core/Startup/startup_stm32f407vgtx.o
 .debug_abbrev  0x0000000000000ccc      0x1ed ./Drivers/STM32F4xx_HAL_Driver/Src/stm32f4xx_hal.o
 .debug_abbrev  0x0000000000000eb9      0x33c ./Drivers/STM32F4xx_HAL_Driver/Src/stm32f4xx_hal_cortex.o
 .debug_abbrev  0x00000000000011f5      0x259 ./Drivers/STM32F4xx_HAL_Driver/Src/stm32f4xx_hal_dma.o
 .debug_abbrev  0x000000000000144e      0x1f1 ./Drivers/STM32F4xx_HAL_Driver/Src/stm32f4xx_hal_gpio.o
 .debug_abbrev  0x000000000000163f      0x275 ./Drivers/STM32F4xx_HAL_Driver/Src/stm32f4xx_hal_rcc.o
 .debug_abbrev  0x00000000000018b4      0x26e ./Drivers/STM32F4xx_HAL_Driver/Src/stm32f4xx_hal_spi.o
 .debug_abbrev  0x0000000000001b22      0x2eb ./Drivers/STM32F4xx_HAL_Driver/Src/stm32f4xx_hal_uart.o

.debug_aranges  0x0000000000000000      0x920
 .debug_aranges
                0x0000000000000000       0x20 ./Core/Src/gpio.o
 .debug_aranges
                0x0000000000000020       0x30 ./Core/Src/main.o
 .debug_aranges
                0x0000000000000050       0x30 ./Core/Src/spi.o
 .debug_aranges
                0x0000000000000080       0x50 ./Core/Src/spi_driver.o
 .debug_aranges
                0x00000000000000d0       0x20 ./Core/Src/stm32f4xx_hal_msp.o
 .debug_aranges
                0x00000000000000f0       0x68 ./Core/Src/stm32f4xx_it.o
 .debug_aranges
                0x0000000000000158       0x28 ./Core/Src/system_stm32f4xx.o
 .debug_aranges
                0x0000000000000180       0x30 ./Core/Src/usart.o
 .debug_aranges
                0x00000000000001b0       0x28 ./Core/Startup/startup_stm32f407vgtx.o
 .debug_aranges
                0x00000000000001d8       0xf0 ./Drivers/STM32F4xx_HAL_Driver/Src/stm32f4xx_hal.o
 .debug_aranges
                0x00000000000002c8      0x118 ./Drivers/STM32F4xx_HAL_Driver/Src/stm32f4xx_hal_cortex.o
 .debug_aranges
                0x00000000000003e0       0x90 ./Drivers/STM32F4xx_HAL_Driver/Src/stm32f4xx_hal_dma.o
 .debug_aranges
                0x0000000000000470       0x58 ./Drivers/STM32F4xx_HAL_Driver/Src/stm32f4xx_hal_gpio.o
 .debug_aranges
                0x00000000000004c8       0x88 ./Drivers/STM32F4xx_HAL_Driver/Src/stm32f4xx_hal_rcc.o
 .debug_aranges
                0x0000000000000550      0x1d0 ./Drivers/STM32F4xx_HAL_Driver/Src/stm32f4xx_hal_spi.o
 .debug_aranges
                0x0000000000000720      0x200 ./Drivers/STM32F4xx_HAL_Driver/Src/stm32f4xx_hal_uart.o

.debug_ranges   0x0000000000000000      0x858
 .debug_ranges  0x0000000000000000       0x10 ./Core/Src/gpio.o
 .debug_ranges  0x0000000000000010       0x20 ./Core/Src/main.o
 .debug_ranges  0x0000000000000030       0x20 ./Core/Src/spi.o
 .debug_ranges  0x0000000000000050       0x40 ./Core/Src/spi_driver.o
 .debug_ranges  0x0000000000000090       0x10 ./Core/Src/stm32f4xx_hal_msp.o
 .debug_ranges  0x00000000000000a0       0x58 ./Core/Src/stm32f4xx_it.o
 .debug_ranges  0x00000000000000f8       0x18 ./Core/Src/system_stm32f4xx.o
 .debug_ranges  0x0000000000000110       0x20 ./Core/Src/usart.o
 .debug_ranges  0x0000000000000130       0x20 ./Core/Startup/startup_stm32f407vgtx.o
 .debug_ranges  0x0000000000000150       0xe0 ./Drivers/STM32F4xx_HAL_Driver/Src/stm32f4xx_hal.o
 .debug_ranges  0x0000000000000230      0x108 ./Drivers/STM32F4xx_HAL_Driver/Src/stm32f4xx_hal_cortex.o
 .debug_ranges  0x0000000000000338       0x80 ./Drivers/STM32F4xx_HAL_Driver/Src/stm32f4xx_hal_dma.o
 .debug_ranges  0x00000000000003b8       0x48 ./Drivers/STM32F4xx_HAL_Driver/Src/stm32f4xx_hal_gpio.o
 .debug_ranges  0x0000000000000400       0x78 ./Drivers/STM32F4xx_HAL_Driver/Src/stm32f4xx_hal_rcc.o
 .debug_ranges  0x0000000000000478      0x1c0 ./Drivers/STM32F4xx_HAL_Driver/Src/stm32f4xx_hal_spi.o
 .debug_ranges  0x0000000000000638      0x220 ./Drivers/STM32F4xx_HAL_Driver/Src/stm32f4xx_hal_uart.o

.debug_macro    0x0000000000000000    0x20791
 .debug_macro   0x0000000000000000      0x1d8 ./Core/Src/gpio.o
 .debug_macro   0x00000000000001d8      0xaa8 ./Core/Src/gpio.o
 .debug_macro   0x0000000000000c80      0x29b ./Core/Src/gpio.o
 .debug_macro   0x0000000000000f1b       0x2e ./Core/Src/gpio.o
 .debug_macro   0x0000000000000f49       0x2f ./Core/Src/gpio.o
 .debug_macro   0x0000000000000f78       0x22 ./Core/Src/gpio.o
 .debug_macro   0x0000000000000f9a       0x8e ./Core/Src/gpio.o
 .debug_macro   0x0000000000001028       0x51 ./Core/Src/gpio.o
 .debug_macro   0x0000000000001079      0x103 ./Core/Src/gpio.o
 .debug_macro   0x000000000000117c       0x6a ./Core/Src/gpio.o
 .debug_macro   0x00000000000011e6      0x1df ./Core/Src/gpio.o
 .debug_macro   0x00000000000013c5       0x1c ./Core/Src/gpio.o
 .debug_macro   0x00000000000013e1       0x22 ./Core/Src/gpio.o
 .debug_macro   0x0000000000001403       0xdf ./Core/Src/gpio.o
 .debug_macro   0x00000000000014e2     0x102d ./Core/Src/gpio.o
 .debug_macro   0x000000000000250f      0x11f ./Core/Src/gpio.o
 .debug_macro   0x000000000000262e    0x15e58 ./Core/Src/gpio.o
 .debug_macro   0x0000000000018486       0x6d ./Core/Src/gpio.o
 .debug_macro   0x00000000000184f3     0x3666 ./Core/Src/gpio.o
 .debug_macro   0x000000000001bb59      0x174 ./Core/Src/gpio.o
 .debug_macro   0x000000000001bccd       0x5c ./Core/Src/gpio.o
 .debug_macro   0x000000000001bd29      0x96b ./Core/Src/gpio.o
 .debug_macro   0x000000000001c694      0x9fe ./Core/Src/gpio.o
 .debug_macro   0x000000000001d092      0x116 ./Core/Src/gpio.o
 .debug_macro   0x000000000001d1a8      0x13e ./Core/Src/gpio.o
 .debug_macro   0x000000000001d2e6       0xa5 ./Core/Src/gpio.o
 .debug_macro   0x000000000001d38b      0x174 ./Core/Src/gpio.o
 .debug_macro   0x000000000001d4ff      0x287 ./Core/Src/gpio.o
 .debug_macro   0x000000000001d786       0x5f ./Core/Src/gpio.o
 .debug_macro   0x000000000001d7e5      0x236 ./Core/Src/gpio.o
 .debug_macro   0x000000000001da1b      0x12c ./Core/Src/gpio.o
 .debug_macro   0x000000000001db47      0x21e ./Core/Src/gpio.o
 .debug_macro   0x000000000001dd65       0x2e ./Core/Src/gpio.o
 .debug_macro   0x000000000001dd93      0x11a ./Core/Src/gpio.o
 .debug_macro   0x000000000001dead       0x7e ./Core/Src/gpio.o
 .debug_macro   0x000000000001df2b       0x89 ./Core/Src/gpio.o
 .debug_macro   0x000000000001dfb4      0x225 ./Core/Src/gpio.o
 .debug_macro   0x000000000001e1d9      0x295 ./Core/Src/gpio.o
 .debug_macro   0x000000000001e46e      0x12d ./Core/Src/gpio.o
 .debug_macro   0x000000000001e59b      0x1fa ./Core/Src/main.o
 .debug_macro   0x000000000001e795      0x1d8 ./Core/Src/spi.o
 .debug_macro   0x000000000001e96d      0x2c8 ./Core/Src/spi_driver.o
 .debug_macro   0x000000000001ec35       0x52 ./Core/Src/spi_driver.o
 .debug_macro   0x000000000001ec87       0x18 ./Core/Src/spi_driver.o
 .debug_macro   0x000000000001ec9f       0x3c ./Core/Src/spi_driver.o
 .debug_macro   0x000000000001ecdb       0x34 ./Core/Src/spi_driver.o
 .debug_macro   0x000000000001ed0f       0x16 ./Core/Src/spi_driver.o
 .debug_macro   0x000000000001ed25       0x43 ./Core/Src/spi_driver.o
 .debug_macro   0x000000000001ed68       0x34 ./Core/Src/spi_driver.o
 .debug_macro   0x000000000001ed9c       0x10 ./Core/Src/spi_driver.o
 .debug_macro   0x000000000001edac       0x58 ./Core/Src/spi_driver.o
 .debug_macro   0x000000000001ee04       0x71 ./Core/Src/spi_driver.o
 .debug_macro   0x000000000001ee75       0x1c ./Core/Src/spi_driver.o
 .debug_macro   0x000000000001ee91      0x12a ./Core/Src/spi_driver.o
 .debug_macro   0x000000000001efbb      0x333 ./Core/Src/spi_driver.o
 .debug_macro   0x000000000001f2ee       0x10 ./Core/Src/spi_driver.o
 .debug_macro   0x000000000001f2fe       0x35 ./Core/Src/spi_driver.o
 .debug_macro   0x000000000001f333       0x20 ./Core/Src/spi_driver.o
 .debug_macro   0x000000000001f353      0x1ce ./Core/Src/stm32f4xx_hal_msp.o
 .debug_macro   0x000000000001f521      0x1d8 ./Core/Src/stm32f4xx_it.o
 .debug_macro   0x000000000001f6f9      0x1c4 ./Core/Src/system_stm32f4xx.o
 .debug_macro   0x000000000001f8bd      0x1d8 ./Core/Src/usart.o
 .debug_macro   0x000000000001fa95      0x224 ./Drivers/STM32F4xx_HAL_Driver/Src/stm32f4xx_hal.o
 .debug_macro   0x000000000001fcb9      0x1c4 ./Drivers/STM32F4xx_HAL_Driver/Src/stm32f4xx_hal_cortex.o
 .debug_macro   0x000000000001fe7d      0x1ca ./Drivers/STM32F4xx_HAL_Driver/Src/stm32f4xx_hal_dma.o
 .debug_macro   0x0000000000020047      0x1ca ./Drivers/STM32F4xx_HAL_Driver/Src/stm32f4xx_hal_gpio.o
 .debug_macro   0x0000000000020211      0x1e8 ./Drivers/STM32F4xx_HAL_Driver/Src/stm32f4xx_hal_rcc.o
 .debug_macro   0x00000000000203f9      0x1d3 ./Drivers/STM32F4xx_HAL_Driver/Src/stm32f4xx_hal_spi.o
 .debug_macro   0x00000000000205cc      0x1c5 ./Drivers/STM32F4xx_HAL_Driver/Src/stm32f4xx_hal_uart.o

.debug_line     0x0000000000000000     0xbeda
 .debug_line    0x0000000000000000      0x6b0 ./Core/Src/gpio.o
 .debug_line    0x00000000000006b0      0x73f ./Core/Src/main.o
 .debug_line    0x0000000000000def      0x724 ./Core/Src/spi.o
 .debug_line    0x0000000000001513      0xa27 ./Core/Src/spi_driver.o
 .debug_line    0x0000000000001f3a      0x6a1 ./Core/Src/stm32f4xx_hal_msp.o
 .debug_line    0x00000000000025db      0x77b ./Core/Src/stm32f4xx_it.o
 .debug_line    0x0000000000002d56      0x722 ./Core/Src/system_stm32f4xx.o
 .debug_line    0x0000000000003478      0x70d ./Core/Src/usart.o
 .debug_line    0x0000000000003b85       0x88 ./Core/Startup/startup_stm32f407vgtx.o
 .debug_line    0x0000000000003c0d      0x988 ./Drivers/STM32F4xx_HAL_Driver/Src/stm32f4xx_hal.o
 .debug_line    0x0000000000004595      0xc37 ./Drivers/STM32F4xx_HAL_Driver/Src/stm32f4xx_hal_cortex.o
 .debug_line    0x00000000000051cc      0xeed ./Drivers/STM32F4xx_HAL_Driver/Src/stm32f4xx_hal_dma.o
 .debug_line    0x00000000000060b9      0xafe ./Drivers/STM32F4xx_HAL_Driver/Src/stm32f4xx_hal_gpio.o
 .debug_line    0x0000000000006bb7      0xd04 ./Drivers/STM32F4xx_HAL_Driver/Src/stm32f4xx_hal_rcc.o
 .debug_line    0x00000000000078bb     0x1c10 ./Drivers/STM32F4xx_HAL_Driver/Src/stm32f4xx_hal_spi.o
 .debug_line    0x00000000000094cb     0x2a0f ./Drivers/STM32F4xx_HAL_Driver/Src/stm32f4xx_hal_uart.o

.debug_str      0x0000000000000000    0xc393c
 .debug_str     0x0000000000000000    0xbdac6 ./Core/Src/gpio.o
                                      0xbdd5a (size before relaxing)
 .debug_str     0x00000000000bdac6      0x6fc ./Core/Src/main.o
                                      0xbe41b (size before relaxing)
 .debug_str     0x00000000000be1c2       0x4b ./Core/Src/spi.o
                                      0xbe1b7 (size before relaxing)
 .debug_str     0x00000000000be20d     0x34b9 ./Core/Src/spi_driver.o
                                      0xc172c (size before relaxing)
 .debug_str     0x00000000000c16c6       0x2c ./Core/Src/stm32f4xx_hal_msp.o
                                      0xbdcbd (size before relaxing)
 .debug_str     0x00000000000c16f2       0xcf ./Core/Src/stm32f4xx_it.o
                                      0xbe099 (size before relaxing)
 .debug_str     0x00000000000c17c1       0xaf ./Core/Src/system_stm32f4xx.o
                                      0xbdd2f (size before relaxing)
 .debug_str     0x00000000000c1870      0x528 ./Core/Src/usart.o
                                      0xbe6ad (size before relaxing)
 .debug_str     0x00000000000c1d98       0x36 ./Core/Startup/startup_stm32f407vgtx.o
                                         0x5a (size before relaxing)
 .debug_str     0x00000000000c1dce      0x583 ./Drivers/STM32F4xx_HAL_Driver/Src/stm32f4xx_hal.o
                                      0xbe811 (size before relaxing)
 .debug_str     0x00000000000c2351      0x399 ./Drivers/STM32F4xx_HAL_Driver/Src/stm32f4xx_hal_cortex.o
                                      0xbe600 (size before relaxing)
 .debug_str     0x00000000000c26ea      0x31a ./Drivers/STM32F4xx_HAL_Driver/Src/stm32f4xx_hal_dma.o
                                      0xbe159 (size before relaxing)
 .debug_str     0x00000000000c2a04      0x15f ./Drivers/STM32F4xx_HAL_Driver/Src/stm32f4xx_hal_gpio.o
                                      0xbded6 (size before relaxing)
 .debug_str     0x00000000000c2b63      0x259 ./Drivers/STM32F4xx_HAL_Driver/Src/stm32f4xx_hal_rcc.o
                                      0xbe131 (size before relaxing)
 .debug_str     0x00000000000c2dbc      0x57f ./Drivers/STM32F4xx_HAL_Driver/Src/stm32f4xx_hal_spi.o
                                      0xbe5d3 (size before relaxing)
 .debug_str     0x00000000000c333b      0x601 ./Drivers/STM32F4xx_HAL_Driver/Src/stm32f4xx_hal_uart.o
                                      0xbe6b7 (size before relaxing)

.comment        0x0000000000000000       0x53
 .comment       0x0000000000000000       0x53 ./Core/Src/gpio.o
                                         0x54 (size before relaxing)
 .comment       0x0000000000000053       0x54 ./Core/Src/main.o
 .comment       0x0000000000000053       0x54 ./Core/Src/spi.o
 .comment       0x0000000000000053       0x54 ./Core/Src/spi_driver.o
 .comment       0x0000000000000053       0x54 ./Core/Src/stm32f4xx_hal_msp.o
 .comment       0x0000000000000053       0x54 ./Core/Src/stm32f4xx_it.o
 .comment       0x0000000000000053       0x54 ./Core/Src/system_stm32f4xx.o
 .comment       0x0000000000000053       0x54 ./Core/Src/usart.o
 .comment       0x0000000000000053       0x54 ./Drivers/STM32F4xx_HAL_Driver/Src/stm32f4xx_hal.o
 .comment       0x0000000000000053       0x54 ./Drivers/STM32F4xx_HAL_Driver/Src/stm32f4xx_hal_cortex.o
 .comment       0x0000000000000053       0x54 ./Drivers/STM32F4xx_HAL_Driver/Src/stm32f4xx_hal_dma.o
 .comment       0x0000000000000053       0x54 ./Drivers/STM32F4xx_HAL_Driver/Src/stm32f4xx_hal_gpio.o
 .comment       0x0000000000000053       0x54 ./Drivers/STM32F4xx_HAL_Driver/Src/stm32f4xx_hal_rcc.o
 .comment       0x0000000000000053       0x54 ./Drivers/STM32F4xx_HAL_Driver/Src/stm32f4xx_hal_spi.o
 .comment       0x0000000000000053       0x54 ./Drivers/STM32F4xx_HAL_Driver/Src/stm32f4xx_hal_uart.o

.debug_frame    0x0000000000000000     0x23c0
 .debug_frame   0x0000000000000000       0x34 ./Core/Src/gpio.o
 .debug_frame   0x0000000000000034       0x68 ./Core/Src/main.o
 .debug_frame   0x000000000000009c       0x74 ./Core/Src/spi.o
 .debug_frame   0x0000000000000110       0xf8 ./Core/Src/spi_driver.o
 .debug_frame   0x0000000000000208       0x38 ./Core/Src/stm32f4xx_hal_msp.o
 .debug_frame   0x0000000000000240      0x120 ./Core/Src/stm32f4xx_it.o
 .debug_frame   0x0000000000000360       0x58 ./Core/Src/system_stm32f4xx.o
 .debug_frame   0x00000000000003b8       0x74 ./Core/Src/usart.o
 .debug_frame   0x000000000000042c      0x374 ./Drivers/STM32F4xx_HAL_Driver/Src/stm32f4xx_hal.o
 .debug_frame   0x00000000000007a0      0x498 ./Drivers/STM32F4xx_HAL_Driver/Src/stm32f4xx_hal_cortex.o
 .debug_frame   0x0000000000000c38      0x250 ./Drivers/STM32F4xx_HAL_Driver/Src/stm32f4xx_hal_dma.o
 .debug_frame   0x0000000000000e88      0x14c ./Drivers/STM32F4xx_HAL_Driver/Src/stm32f4xx_hal_gpio.o
 .debug_frame   0x0000000000000fd4      0x1f0 ./Drivers/STM32F4xx_HAL_Driver/Src/stm32f4xx_hal_rcc.o
 .debug_frame   0x00000000000011c4      0x824 ./Drivers/STM32F4xx_HAL_Driver/Src/stm32f4xx_hal_spi.o
 .debug_frame   0x00000000000019e8      0x92c ./Drivers/STM32F4xx_HAL_Driver/Src/stm32f4xx_hal_uart.o
 .debug_frame   0x0000000000002314       0x2c e:/stm32cubeide_1.6.1/stm32cubeide/plugins/com.st.stm32cube.ide.mcu.externaltools.gnu-tools-for-stm32.9-2020-q2-update.win32_2.0.0.202105311346/tools/bin/../lib/gcc/arm-none-eabi/9.3.1/../../../../arm-none-eabi/lib/thumb/v7e-m+fp/hard\libc_nano.a(lib_a-init.o)
 .debug_frame   0x0000000000002340       0x20 e:/stm32cubeide_1.6.1/stm32cubeide/plugins/com.st.stm32cube.ide.mcu.externaltools.gnu-tools-for-stm32.9-2020-q2-update.win32_2.0.0.202105311346/tools/bin/../lib/gcc/arm-none-eabi/9.3.1/../../../../arm-none-eabi/lib/thumb/v7e-m+fp/hard\libc_nano.a(lib_a-memset.o)
 .debug_frame   0x0000000000002360       0x2c e:/stm32cubeide_1.6.1/stm32cubeide/plugins/com.st.stm32cube.ide.mcu.externaltools.gnu-tools-for-stm32.9-2020-q2-update.win32_2.0.0.202105311346/tools/bin/../lib/gcc/arm-none-eabi/9.3.1/thumb/v7e-m+fp/hard\libgcc.a(_aeabi_uldivmod.o)
 .debug_frame   0x000000000000238c       0x34 e:/stm32cubeide_1.6.1/stm32cubeide/plugins/com.st.stm32cube.ide.mcu.externaltools.gnu-tools-for-stm32.9-2020-q2-update.win32_2.0.0.202105311346/tools/bin/../lib/gcc/arm-none-eabi/9.3.1/thumb/v7e-m+fp/hard\libgcc.a(_udivmoddi4.o)
